2026-05-12 17:15:12,008 - app.main - INFO - Runalyst Backend Refactor is starting up...
2026-05-12 17:20:58,002 - app.main - INFO - Runalyst Backend Refactor is starting up...
2026-05-12 17:21:05,203 - app.main - INFO - Runalyst Backend Refactor is starting up...
2026-05-12 17:25:17,780 - app.main - INFO - Runalyst Backend Refactor is starting up...
2026-05-12 17:39:12,039 - app.main - INFO - Runalyst Backend Refactor is starting up...
2026-05-13 07:18:24,758 - app.main - INFO - Runalyst Backend Refactor is starting up...
2026-05-13 09:28:16,371 - app.main - INFO - Runalyst Backend Refactor is starting up...
2026-05-13 09:28:31,259 - app.main - INFO - Runalyst Backend Refactor is starting up...
2026-05-13 09:29:29,072 - app.main - INFO - Runalyst Backend Refactor is starting up...
2026-05-19 15:44:04,927 - app.main - INFO - Runalyst Backend Refactor is starting up...
2026-05-19 15:45:01,066 - app.main - INFO - Runalyst Backend Refactor is starting up...
2026-05-19 15:54:24,651 - app.api.endpoints.auth - INFO - Login attempt for email: example1@hotmail.com
2026-05-19 15:54:35,714 - app.api.endpoints.auth - INFO - Login attempt for email: example@hotmail.com
2026-05-19 15:54:50,564 - app.api.endpoints.auth - INFO - Login attempt for email: abc@abc.com
2026-05-19 15:54:51,168 - app.api.endpoints.auth - INFO - Successful login for email: abc@abc.com
2026-05-19 15:55:13,087 - app.api.endpoints.auth - INFO - Login attempt for email: abc@abc.com
2026-05-19 15:55:13,674 - app.api.endpoints.auth - INFO - Successful login for email: abc@abc.com
2026-05-19 16:01:00,462 - app.api.endpoints.runs - INFO - Fetching all runs for user 38
2026-05-19 16:01:00,666 - app.api.endpoints.runs - INFO - Retrieved 12 runs for user 38
2026-05-19 16:05:13,755 - app.main - INFO - Runalyst Backend Refactor is starting up...
2026-05-19 16:05:54,569 - app.api.endpoints.auth - INFO - Login attempt for email: abc@abc.com
2026-05-19 16:05:55,213 - app.api.endpoints.auth - INFO - Successful login for email: abc@abc.com
2026-05-19 16:07:40,100 - app.api.endpoints.runs - INFO - Fetching all runs for user 38
2026-05-19 16:07:40,289 - app.api.endpoints.runs - INFO - Retrieved 12 runs for user 38
2026-05-19 16:12:28,849 - app.main - INFO - Runalyst Backend Refactor is starting up...
2026-05-19 16:12:58,615 - app.api.endpoints.auth - INFO - Login attempt for email: abc@abc.com
2026-05-19 16:12:59,236 - app.api.endpoints.auth - INFO - Successful login for email: abc@abc.com
2026-05-19 16:13:28,887 - app.main - INFO - Runalyst Backend Refactor is starting up...
2026-05-19 16:13:43,161 - app.api.endpoints.auth - INFO - Login attempt for email: abc@abc.com
2026-05-19 16:13:43,736 - app.api.endpoints.auth - INFO - Successful login for email: abc@abc.com
2026-05-19 16:15:19,913 - app.api.endpoints.auth - INFO - Login attempt for email: abc@abc.com
2026-05-19 16:15:20,497 - app.api.endpoints.auth - INFO - Successful login for email: abc@abc.com
2026-05-19 16:22:40,138 - app.main - INFO - Runalyst Backend Refactor is starting up...
2026-05-19 16:23:04,648 - app.main - INFO - Runalyst Backend Refactor is starting up...
2026-05-19 19:23:09,901 - app.main - INFO - Runalyst Backend Refactor is starting up...
2026-05-19 19:23:11,734 - httpx - INFO - HTTP Request: POST http://testserver/auth/refresh "HTTP/1.1 401 Unauthorized"
2026-05-19 19:23:11,846 - app.main - INFO - Runalyst Backend Refactor is starting up...
2026-05-19 19:23:12,445 - httpx - INFO - HTTP Request: POST http://testserver/auth/refresh "HTTP/1.1 401 Unauthorized"
2026-05-19 19:23:12,453 - app.main - INFO - Runalyst Backend Refactor is starting up...
2026-05-19 19:23:13,665 - httpx - INFO - HTTP Request: POST http://testserver/auth/refresh "HTTP/1.1 401 Unauthorized"
2026-05-19 19:23:13,666 - httpx - INFO - HTTP Request: POST http://testserver/auth/refresh "HTTP/1.1 401 Unauthorized"
2026-05-19 19:23:13,676 - app.main - INFO - Runalyst Backend Refactor is starting up...
2026-05-19 19:23:14,547 - app.api.endpoints.runs - INFO - Fetching all runs for user 1
2026-05-19 19:23:14,549 - app.api.endpoints.runs - INFO - Retrieved 0 runs for user 1
2026-05-19 19:23:14,550 - httpx - INFO - HTTP Request: GET http://testserver/runs/all "HTTP/1.1 200 OK"
2026-05-19 19:23:14,557 - app.main - INFO - Runalyst Backend Refactor is starting up...
2026-05-19 19:23:15,492 - httpx - INFO - HTTP Request: GET http://testserver/runs/all "HTTP/1.1 401 Unauthorized"
2026-05-19 19:23:15,505 - app.main - INFO - Runalyst Backend Refactor is starting up...
2026-05-19 19:23:16,492 - httpx - INFO - HTTP Request: GET http://testserver/runs/all "HTTP/1.1 401 Unauthorized"
2026-05-19 19:23:16,503 - app.main - INFO - Runalyst Backend Refactor is starting up...
2026-05-19 19:23:17,102 - httpx - INFO - HTTP Request: GET http://testserver/runs/all "HTTP/1.1 401 Unauthorized"
2026-05-19 19:23:17,109 - app.main - INFO - Runalyst Backend Refactor is starting up...
2026-05-19 19:23:18,147 - httpx - INFO - HTTP Request: GET http://testserver/runs/all "HTTP/1.1 401 Unauthorized"
2026-05-19 19:23:18,162 - httpx - INFO - HTTP Request: GET http://testserver/runs/all "HTTP/1.1 401 Unauthorized"
2026-05-19 19:23:18,181 - app.main - INFO - Runalyst Backend Refactor is starting up...
2026-05-19 19:23:19,087 - httpx - INFO - HTTP Request: GET http://testserver/runs/all "HTTP/1.1 401 Unauthorized"
2026-05-19 16:25:01,173 - app.main - INFO - Runalyst Backend Refactor is starting up...
2026-05-19 16:25:06,969 - app.main - INFO - Runalyst Backend Refactor is starting up...
2026-05-19 19:25:12,177 - app.main - INFO - Runalyst Backend Refactor is starting up...
2026-05-19 19:25:14,317 - httpx - INFO - HTTP Request: POST http://testserver/auth/refresh "HTTP/1.1 401 Unauthorized"
2026-05-19 19:25:14,372 - app.main - INFO - Runalyst Backend Refactor is starting up...
2026-05-19 19:25:14,982 - httpx - INFO - HTTP Request: POST http://testserver/auth/refresh "HTTP/1.1 401 Unauthorized"
2026-05-19 19:25:15,000 - app.main - INFO - Runalyst Backend Refactor is starting up...
2026-05-19 19:25:15,882 - httpx - INFO - HTTP Request: POST http://testserver/auth/refresh "HTTP/1.1 401 Unauthorized"
2026-05-19 19:25:15,884 - httpx - INFO - HTTP Request: POST http://testserver/auth/refresh "HTTP/1.1 401 Unauthorized"
2026-05-19 19:25:15,887 - app.main - INFO - Runalyst Backend Refactor is starting up...
2026-05-19 19:25:16,749 - app.api.endpoints.runs - INFO - Fetching all runs for user 1
2026-05-19 19:25:16,751 - app.services.run.service - ERROR - Database query error in get_all_runs_mapped for user 1: (sqlite3.OperationalError) no such table: runs
[SQL: SELECT runs.id AS runs_id, runs.title AS runs_title, runs.video_path AS runs_video_path, runs.created_at AS runs_created_at, runs.user_id AS runs_user_id, runs.status AS runs_status 
FROM runs 
WHERE runs.user_id = ?
 LIMIT ? OFFSET ?]
[parameters: ('1', 100, 0)]
(Background on this error at: https://sqlalche.me/e/20/e3q8)
2026-05-19 19:25:16,751 - httpx - INFO - HTTP Request: GET http://testserver/runs/all "HTTP/1.1 500 Internal Server Error"
2026-05-19 19:25:16,757 - app.main - INFO - Runalyst Backend Refactor is starting up...
2026-05-19 19:25:17,633 - httpx - INFO - HTTP Request: GET http://testserver/runs/all "HTTP/1.1 401 Unauthorized"
2026-05-19 19:25:17,638 - app.main - INFO - Runalyst Backend Refactor is starting up...
2026-05-19 19:25:18,625 - httpx - INFO - HTTP Request: GET http://testserver/runs/all "HTTP/1.1 401 Unauthorized"
2026-05-19 19:25:18,631 - app.main - INFO - Runalyst Backend Refactor is starting up...
2026-05-19 19:25:19,229 - httpx - INFO - HTTP Request: GET http://testserver/runs/all "HTTP/1.1 401 Unauthorized"
2026-05-19 19:25:19,237 - app.main - INFO - Runalyst Backend Refactor is starting up...
2026-05-19 19:25:20,150 - httpx - INFO - HTTP Request: GET http://testserver/runs/all "HTTP/1.1 401 Unauthorized"
2026-05-19 19:25:20,152 - httpx - INFO - HTTP Request: GET http://testserver/runs/all "HTTP/1.1 401 Unauthorized"
2026-05-19 19:25:20,156 - app.main - INFO - Runalyst Backend Refactor is starting up...
2026-05-19 19:25:21,021 - httpx - INFO - HTTP Request: GET http://testserver/runs/all "HTTP/1.1 401 Unauthorized"
2026-05-19 16:26:34,408 - app.main - INFO - Runalyst Backend Refactor is starting up...
2026-05-19 19:26:39,985 - app.main - INFO - Runalyst Backend Refactor is starting up...
2026-05-19 19:26:41,746 - httpx - INFO - HTTP Request: POST http://testserver/auth/refresh "HTTP/1.1 401 Unauthorized"
2026-05-19 19:26:41,806 - app.main - INFO - Runalyst Backend Refactor is starting up...
2026-05-19 19:26:42,525 - httpx - INFO - HTTP Request: POST http://testserver/auth/refresh "HTTP/1.1 401 Unauthorized"
2026-05-19 19:26:42,533 - app.main - INFO - Runalyst Backend Refactor is starting up...
2026-05-19 19:26:43,478 - httpx - INFO - HTTP Request: POST http://testserver/auth/refresh "HTTP/1.1 401 Unauthorized"
2026-05-19 19:26:43,480 - httpx - INFO - HTTP Request: POST http://testserver/auth/refresh "HTTP/1.1 401 Unauthorized"
2026-05-19 19:26:43,484 - app.main - INFO - Runalyst Backend Refactor is starting up...
2026-05-19 19:26:44,372 - httpx - INFO - HTTP Request: GET http://testserver/users/me "HTTP/1.1 200 OK"
2026-05-19 19:26:44,375 - app.main - INFO - Runalyst Backend Refactor is starting up...
2026-05-19 19:26:45,249 - httpx - INFO - HTTP Request: GET http://testserver/users/me "HTTP/1.1 401 Unauthorized"
2026-05-19 19:26:45,254 - app.main - INFO - Runalyst Backend Refactor is starting up...
2026-05-19 19:26:46,135 - httpx - INFO - HTTP Request: GET http://testserver/users/me "HTTP/1.1 401 Unauthorized"
2026-05-19 19:26:46,139 - app.main - INFO - Runalyst Backend Refactor is starting up...
2026-05-19 19:26:46,747 - httpx - INFO - HTTP Request: GET http://testserver/users/me "HTTP/1.1 401 Unauthorized"
2026-05-19 19:26:46,756 - app.main - INFO - Runalyst Backend Refactor is starting up...
2026-05-19 19:26:47,635 - httpx - INFO - HTTP Request: GET http://testserver/users/me "HTTP/1.1 401 Unauthorized"
2026-05-19 19:26:47,637 - httpx - INFO - HTTP Request: GET http://testserver/users/me "HTTP/1.1 401 Unauthorized"
2026-05-19 19:26:47,640 - app.main - INFO - Runalyst Backend Refactor is starting up...
2026-05-19 19:26:48,515 - httpx - INFO - HTTP Request: GET http://testserver/users/me "HTTP/1.1 401 Unauthorized"
2026-05-19 19:28:28,768 - app.main - INFO - Runalyst Backend Refactor is starting up...
2026-05-19 19:28:30,192 - httpx - INFO - HTTP Request: POST http://testserver/auth/refresh "HTTP/1.1 401 Unauthorized"
2026-05-19 16:29:17,758 - app.main - INFO - Runalyst Backend Refactor is starting up...
2026-05-19 16:29:26,760 - app.main - INFO - Runalyst Backend Refactor is starting up...
2026-05-19 19:29:31,984 - app.main - INFO - Runalyst Backend Refactor is starting up...
2026-05-19 19:29:34,082 - httpx - INFO - HTTP Request: POST http://testserver/auth/refresh "HTTP/1.1 401 Unauthorized"
2026-05-19 19:29:34,135 - app.main - INFO - Runalyst Backend Refactor is starting up...
2026-05-19 19:29:34,733 - httpx - INFO - HTTP Request: POST http://testserver/auth/refresh "HTTP/1.1 401 Unauthorized"
2026-05-19 19:29:34,741 - app.main - INFO - Runalyst Backend Refactor is starting up...
2026-05-19 19:29:35,609 - httpx - INFO - HTTP Request: POST http://testserver/auth/refresh "HTTP/1.1 401 Unauthorized"
2026-05-19 19:29:35,610 - httpx - INFO - HTTP Request: POST http://testserver/auth/refresh "HTTP/1.1 401 Unauthorized"
2026-05-19 19:29:35,614 - app.main - INFO - Runalyst Backend Refactor is starting up...
2026-05-19 19:29:36,488 - httpx - INFO - HTTP Request: GET http://testserver/users/me "HTTP/1.1 200 OK"
2026-05-19 19:29:36,492 - app.main - INFO - Runalyst Backend Refactor is starting up...
2026-05-19 19:29:37,351 - httpx - INFO - HTTP Request: GET http://testserver/users/me "HTTP/1.1 401 Unauthorized"
2026-05-19 19:29:37,356 - app.main - INFO - Runalyst Backend Refactor is starting up...
2026-05-19 19:29:38,223 - httpx - INFO - HTTP Request: GET http://testserver/users/me "HTTP/1.1 401 Unauthorized"
2026-05-19 19:29:38,226 - app.main - INFO - Runalyst Backend Refactor is starting up...
2026-05-19 19:29:38,816 - httpx - INFO - HTTP Request: GET http://testserver/users/me "HTTP/1.1 401 Unauthorized"
2026-05-19 19:29:38,825 - app.main - INFO - Runalyst Backend Refactor is starting up...
2026-05-19 19:29:39,694 - httpx - INFO - HTTP Request: GET http://testserver/users/me "HTTP/1.1 401 Unauthorized"
2026-05-19 19:29:39,697 - httpx - INFO - HTTP Request: GET http://testserver/users/me "HTTP/1.1 401 Unauthorized"
2026-05-19 19:29:39,700 - app.main - INFO - Runalyst Backend Refactor is starting up...
2026-05-19 19:29:40,565 - httpx - INFO - HTTP Request: GET http://testserver/users/me "HTTP/1.1 401 Unauthorized"
2026-05-19 16:31:15,328 - app.main - INFO - Runalyst Backend Refactor is starting up...
2026-05-19 16:31:20,436 - app.main - INFO - Runalyst Backend Refactor is starting up...
2026-05-19 16:31:25,934 - app.main - INFO - Runalyst Backend Refactor is starting up...
2026-05-19 16:31:30,316 - app.main - INFO - Runalyst Backend Refactor is starting up...
2026-05-19 16:31:34,634 - app.main - INFO - Runalyst Backend Refactor is starting up...
2026-05-19 19:31:40,072 - app.main - INFO - Runalyst Backend Refactor is starting up...
2026-05-19 19:31:41,815 - httpx - INFO - HTTP Request: POST http://testserver/auth/refresh "HTTP/1.1 200 OK"
2026-05-19 19:31:41,818 - app.main - INFO - Runalyst Backend Refactor is starting up...
2026-05-19 19:31:42,451 - httpx - INFO - HTTP Request: POST http://testserver/auth/refresh "HTTP/1.1 401 Unauthorized"
2026-05-19 19:31:42,460 - app.main - INFO - Runalyst Backend Refactor is starting up...
2026-05-19 19:31:43,612 - httpx - INFO - HTTP Request: POST http://testserver/auth/refresh "HTTP/1.1 200 OK"
2026-05-19 19:31:43,613 - httpx - INFO - HTTP Request: POST http://testserver/auth/refresh "HTTP/1.1 401 Unauthorized"
2026-05-19 19:31:43,616 - app.main - INFO - Runalyst Backend Refactor is starting up...
2026-05-19 19:31:44,510 - httpx - INFO - HTTP Request: GET http://testserver/users/me "HTTP/1.1 200 OK"
2026-05-19 19:31:44,514 - app.main - INFO - Runalyst Backend Refactor is starting up...
2026-05-19 19:31:45,395 - httpx - INFO - HTTP Request: GET http://testserver/users/me "HTTP/1.1 200 OK"
2026-05-19 19:31:45,398 - app.main - INFO - Runalyst Backend Refactor is starting up...
2026-05-19 19:31:46,298 - httpx - INFO - HTTP Request: GET http://testserver/users/me "HTTP/1.1 401 Unauthorized"
2026-05-19 19:31:46,302 - app.main - INFO - Runalyst Backend Refactor is starting up...
2026-05-19 19:31:46,931 - httpx - INFO - HTTP Request: GET http://testserver/users/me "HTTP/1.1 401 Unauthorized"
2026-05-19 19:31:46,939 - app.main - INFO - Runalyst Backend Refactor is starting up...
2026-05-19 19:31:47,840 - httpx - INFO - HTTP Request: GET http://testserver/users/me "HTTP/1.1 200 OK"
2026-05-19 19:31:47,842 - httpx - INFO - HTTP Request: GET http://testserver/users/me "HTTP/1.1 401 Unauthorized"
2026-05-19 19:31:47,845 - app.main - INFO - Runalyst Backend Refactor is starting up...
2026-05-19 19:31:48,743 - httpx - INFO - HTTP Request: GET http://testserver/users/me "HTTP/1.1 200 OK"
2026-05-19 19:31:48,745 - httpx - INFO - HTTP Request: GET http://testserver/users/me "HTTP/1.1 200 OK"
